// Jest Snapshot v1, https://goo.gl/fbAQLP

exports[`should correctly render LoginPage 1`] = `
<div>
  <h2>
    Log in
  </h2>
  <button>
    Log in
  </button>
</div>
`;
